<?xml version="1.0" encoding="utf-8"?>
<TestRun id="4baf0831-c832-4fa2-8290-37df6fdd6cc8" name="LENOVO@LAPTOP-5JPK4QMD 2026-08-05 22:28:39" runUser="LAPTOP-5JPK4QMD\LENOVO" xmlns="http://microsoft.com/schemas/VisualStudio/TeamTest/2010">
  <Times creation="2026-08-05T22:28:39.9110495+07:00" queuing="2026-08-05T22:28:39.9110498+07:00" start="2026-08-05T22:28:37.6346334+07:00" finish="2026-08-05T22:28:42.6214510+07:00" />
  <TestSettings name="default" id="fbf36c4e-6927-4bf6-81df-358321c5973b">
    <Deployment runDeploymentRoot="LENOVO_LAPTOP-5JPK4QMD_2026-08-05_22_28_39" />
  </TestSettings>
  <Results>
    <UnitTestResult executionId="8155a2b9-6f57-4186-abce-0b0ec6136b77" testId="de598708-a8a5-26db-52a2-254cbb89069f" testName="FootballBooking.Tests.Application.BookingServiceTests.ListScheduleEventsAsync_WhenBookingExists_ReturnsVietnameseScheduleEvent" computerName="LAPTOP-5JPK4QMD" duration="00:00:00.0022524" startTime="2026-08-05T22:28:39.9431078+07:00" endTime="2026-08-05T22:28:39.9453302+07:00" testType="13cdc9d9-ddb5-4fa4-a97d-d965ccfc6d4b" outcome="Passed" testListId="8c84fa94-04c1-424b-9868-57a2d4851a1d" relativeResultsDirectory="8155a2b9-6f57-4186-abce-0b0ec6136b77" />
    <UnitTestResult executionId="db9cc020-36bc-4d49-9b8b-56b9682e82d0" testId="cb699271-7e40-99de-496c-bbbf1f857e51" testName="FootballBooking.Tests.Application.BookingServiceTests.CancelPublicBookingAsync_WhenWithinPolicy_ReturnsVietnamesePolicyMessage" computerName="LAPTOP-5JPK4QMD" duration="00:00:00.0445589" startTime="2026-08-05T22:28:39.8919799+07:00" endTime="2026-08-05T22:28:39.9337042+07:00" testType="13cdc9d9-ddb5-4fa4-a97d-d965ccfc6d4b" outcome="Passed" testListId="8c84fa94-04c1-424b-9868-57a2d4851a1d" relativeResultsDirectory="db9cc020-36bc-4d49-9b8b-56b9682e82d0" />
    <UnitTestResult executionId="0bb8b5fb-fc88-49c7-a9b4-7fdb0824b767" testId="c2c46a1f-1a0d-40a0-59d8-985420de9a1c" testName="FootballBooking.Tests.Application.FieldServiceTests.CreateFieldAsync_WhenOperatingHourInvalid_ReturnsVietnameseValidationError" computerName="LAPTOP-5JPK4QMD" duration="00:00:00.0006909" startTime="2026-08-05T22:28:39.9390515+07:00" endTime="2026-08-05T22:28:39.9390850+07:00" testType="13cdc9d9-ddb5-4fa4-a97d-d965ccfc6d4b" outcome="Passed" testListId="8c84fa94-04c1-424b-9868-57a2d4851a1d" relativeResultsDirectory="0bb8b5fb-fc88-49c7-a9b4-7fdb0824b767" />
    <UnitTestResult executionId="a28c1c1c-2b96-4fe0-b8e8-c7db857baf94" testId="7b4a37ef-512e-7224-7b44-804d8c97ee89" testName="FootballBooking.Tests.Integration.FieldPersistenceTests.EfFieldStore_ListPublicFields_ReturnsSeededVietnameseFields" computerName="LAPTOP-5JPK4QMD" duration="00:00:00.1037821" startTime="2026-08-05T22:28:41.7837945+07:00" endTime="2026-08-05T22:28:41.8876429+07:00" testType="13cdc9d9-ddb5-4fa4-a97d-d965ccfc6d4b" outcome="Passed" testListId="8c84fa94-04c1-424b-9868-57a2d4851a1d" relativeResultsDirectory="a28c1c1c-2b96-4fe0-b8e8-c7db857baf94" />
    <UnitTestResult executionId="07206f77-261d-47c2-a9cf-88fc24c9b24f" testId="69149d88-fece-ac05-e6e4-8d44480938d9" testName="FootballBooking.Tests.Integration.AdminRoutesTests.Dashboard_WhenAnonymous_RedirectsToAdminLogin" computerName="LAPTOP-5JPK4QMD" duration="00:00:00.0510552" startTime="2026-08-05T22:28:41.2857347+07:00" endTime="2026-08-05T22:28:41.3447993+07:00" testType="13cdc9d9-ddb5-4fa4-a97d-d965ccfc6d4b" outcome="Passed" testListId="8c84fa94-04c1-424b-9868-57a2d4851a1d" relativeResultsDirectory="07206f77-261d-47c2-a9cf-88fc24c9b24f" />
    <UnitTestResult executionId="072334ee-68bd-4b26-a046-8c6e3d8bfaf5" testId="a492e801-917b-92be-0d6d-a5549928449d" testName="FootballBooking.Tests.Integration.FieldRoutesTests.PublicFields_WhenSeeded_RendersFieldListAndDetails" computerName="LAPTOP-5JPK4QMD" duration="00:00:00.1757531" startTime="2026-08-05T22:28:42.1448803+07:00" endTime="2026-08-05T22:28:42.3208039+07:00" testType="13cdc9d9-ddb5-4fa4-a97d-d965ccfc6d4b" outcome="Passed" testListId="8c84fa94-04c1-424b-9868-57a2d4851a1d" relativeResultsDirectory="072334ee-68bd-4b26-a046-8c6e3d8bfaf5" />
    <UnitTestResult executionId="6875e208-2e19-4d2d-98f1-49f25f183a4b" testId="13401983-d589-b9b8-fe59-505790307ae9" testName="FootballBooking.Tests.Application.BookingServiceTests.SavePromotionAsync_WhenPercentageIsTooHigh_ReturnsVietnameseError" computerName="LAPTOP-5JPK4QMD" duration="00:00:00.0891433" startTime="2026-08-05T22:28:39.7760751+07:00" endTime="2026-08-05T22:28:39.8696850+07:00" testType="13cdc9d9-ddb5-4fa4-a97d-d965ccfc6d4b" outcome="Passed" testListId="8c84fa94-04c1-424b-9868-57a2d4851a1d" relativeResultsDirectory="6875e208-2e19-4d2d-98f1-49f25f183a4b" />
    <UnitTestResult executionId="bfc8b49f-e00c-4a94-9246-db03022d9e9c" testId="69815bb5-275d-7587-a29f-61f225413389" testName="FootballBooking.Tests.Integration.FieldRoutesTests.BookingRoutes_WhenSeeded_RenderPublicBookingAndLookup" computerName="LAPTOP-5JPK4QMD" duration="00:00:02.2367586" startTime="2026-08-05T22:28:39.7749979+07:00" endTime="2026-08-05T22:28:42.0174782+07:00" testType="13cdc9d9-ddb5-4fa4-a97d-d965ccfc6d4b" outcome="Passed" testListId="8c84fa94-04c1-424b-9868-57a2d4851a1d" relativeResultsDirectory="bfc8b49f-e00c-4a94-9246-db03022d9e9c" />
    <UnitTestResult executionId="3fb05f91-4984-417d-946a-51f752aa39e1" testId="2c46ed5f-15b2-e1e2-ffd8-343dce92dd15" testName="FootballBooking.Tests.Application.FieldServiceTests.CreateFieldAsync_WhenDuplicateSlug_ReturnsFailure" computerName="LAPTOP-5JPK4QMD" duration="00:00:00.1564910" startTime="2026-08-05T22:28:39.7761160+07:00" endTime="2026-08-05T22:28:39.9369287+07:00" testType="13cdc9d9-ddb5-4fa4-a97d-d965ccfc6d4b" outcome="Passed" testListId="8c84fa94-04c1-424b-9868-57a2d4851a1d" relativeResultsDirectory="3fb05f91-4984-417d-946a-51f752aa39e1" />
    <UnitTestResult executionId="900c8ad3-15ea-4d08-aa48-65dc750f44f2" testId="0905ab7b-79ef-1a93-f6e8-7fc5cbe702f5" testName="FootballBooking.Tests.Integration.AdminRoutesTests.DesignSystem_WhenNotDevelopment_ReturnsNotFound" computerName="LAPTOP-5JPK4QMD" duration="00:00:00.0537175" startTime="2026-08-05T22:28:41.2317088+07:00" endTime="2026-08-05T22:28:41.2855750+07:00" testType="13cdc9d9-ddb5-4fa4-a97d-d965ccfc6d4b" outcome="Passed" testListId="8c84fa94-04c1-424b-9868-57a2d4851a1d" relativeResultsDirectory="900c8ad3-15ea-4d08-aa48-65dc750f44f2" />
    <UnitTestResult executionId="01960d77-8111-4d24-a42c-156078810aaa" testId="f67c5eba-ee56-b27a-03fb-a436c19baf32" testName="FootballBooking.Tests.Application.BookingServiceTests.RecordPaymentAsync_WhenDepositRecorded_ConfirmsPendingBookingAndMarksPartiallyPaid" computerName="LAPTOP-5JPK4QMD" duration="00:00:00.0031343" startTime="2026-08-05T22:28:39.9453946+07:00" endTime="2026-08-05T22:28:39.9485355+07:00" testType="13cdc9d9-ddb5-4fa4-a97d-d965ccfc6d4b" outcome="Passed" testListId="8c84fa94-04c1-424b-9868-57a2d4851a1d" relativeResultsDirectory="01960d77-8111-4d24-a42c-156078810aaa" />
    <UnitTestResult executionId="4e7bd030-14f2-4d35-a846-38ee08e65c90" testId="9e5f394f-75fd-86a2-b9ba-e613efe81997" testName="FootballBooking.Tests.Application.ReportServiceTests.GetStaffDashboardAsync_WhenTodayHasServiceLines_ReturnsPreparationSummary" computerName="LAPTOP-5JPK4QMD" duration="00:00:00.0499663" startTime="2026-08-05T22:28:39.8917013+07:00" endTime="2026-08-05T22:28:39.9349434+07:00" testType="13cdc9d9-ddb5-4fa4-a97d-d965ccfc6d4b" outcome="Passed" testListId="8c84fa94-04c1-424b-9868-57a2d4851a1d" relativeResultsDirectory="4e7bd030-14f2-4d35-a846-38ee08e65c90" />
    <UnitTestResult executionId="003a8378-c9cb-4589-98b0-e973dd6220dc" testId="949eb98f-439c-4792-33f2-5c0459382a54" testName="FootballBooking.Tests.ApplicationRolesTests.All_WhenRead_ContainsTechnicalRoles" computerName="LAPTOP-5JPK4QMD" duration="00:00:00.0851168" startTime="2026-08-05T22:28:39.7760240+07:00" endTime="2026-08-05T22:28:39.8657014+07:00" testType="13cdc9d9-ddb5-4fa4-a97d-d965ccfc6d4b" outcome="Passed" testListId="8c84fa94-04c1-424b-9868-57a2d4851a1d" relativeResultsDirectory="003a8378-c9cb-4589-98b0-e973dd6220dc" />
    <UnitTestResult executionId="1f5c4673-5150-40cf-9072-4e8f2b4a6a71" testId="7e234ca3-bfff-413e-c0bd-8ffa0bc70a6a" testName="FootballBooking.Tests.Integration.AdminRoutesTests.OwnerReportRoutes_WhenAnonymous_RedirectToAdminLogin(route: &quot;/admin/api/dashboard/revenue&quot;)" computerName="LAPTOP-5JPK4QMD" duration="00:00:00.0415910" startTime="2026-08-05T22:28:41.1896921+07:00" endTime="2026-08-05T22:28:41.2315116+07:00" testType="13cdc9d9-ddb5-4fa4-a97d-d965ccfc6d4b" outcome="Passed" testListId="8c84fa94-04c1-424b-9868-57a2d4851a1d" relativeResultsDirectory="1f5c4673-5150-40cf-9072-4e8f2b4a6a71" />
    <UnitTestResult executionId="e1743f17-646e-48ab-98aa-d658fc456ed7" testId="6461a3b5-66a5-680e-c4dc-39030848f045" testName="FootballBooking.Tests.Application.BookingServiceTests.CreateBookingAsync_WhenGuestBookingIsValid_CreatesPendingHoldWithVietnameseSafeCode" computerName="LAPTOP-5JPK4QMD" duration="00:00:00.0009797" startTime="2026-08-05T22:28:39.9537285+07:00" endTime="2026-08-05T22:28:39.9547186+07:00" testType="13cdc9d9-ddb5-4fa4-a97d-d965ccfc6d4b" outcome="Passed" testListId="8c84fa94-04c1-424b-9868-57a2d4851a1d" relativeResultsDirectory="e1743f17-646e-48ab-98aa-d658fc456ed7" />
    <UnitTestResult executionId="d8fd95c0-3ee5-48c0-9a58-45a48bbc9244" testId="38350e3c-a53c-953a-2a11-27b31bcf6f63" testName="FootballBooking.Tests.Application.BookingServiceTests.ChangeStatusAsync_WhenNoShowBeforeGrace_ReturnsPolicyMessage" computerName="LAPTOP-5JPK4QMD" duration="00:00:00.0013636" startTime="2026-08-05T22:28:39.8917956+07:00" endTime="2026-08-05T22:28:39.8918241+07:00" testType="13cdc9d9-ddb5-4fa4-a97d-d965ccfc6d4b" outcome="Passed" testListId="8c84fa94-04c1-424b-9868-57a2d4851a1d" relativeResultsDirectory="d8fd95c0-3ee5-48c0-9a58-45a48bbc9244" />
    <UnitTestResult executionId="0688cfbe-1f53-47a4-9221-732abc9e7795" testId="9840c31a-06f5-a458-c688-15dc1f0aa1b1" testName="FootballBooking.Tests.Application.BookingServiceTests.GetPricingQuoteAsync_WhenBookingCrossesTwoIntervals_ReturnsSegmentedAmount" computerName="LAPTOP-5JPK4QMD" duration="00:00:00.0008684" startTime="2026-08-05T22:28:39.9412996+07:00" endTime="2026-08-05T22:28:39.9421369+07:00" testType="13cdc9d9-ddb5-4fa4-a97d-d965ccfc6d4b" outcome="Passed" testListId="8c84fa94-04c1-424b-9868-57a2d4851a1d" relativeResultsDirectory="0688cfbe-1f53-47a4-9221-732abc9e7795" />
    <UnitTestResult executionId="ee47df8c-d9eb-4224-af52-ee6a065c2617" testId="22233943-b8c4-3206-e482-5c9d299eac56" testName="FootballBooking.Tests.UnitTest1.Test1" computerName="LAPTOP-5JPK4QMD" duration="00:00:00.0020974" startTime="2026-08-05T22:28:39.7760870+07:00" endTime="2026-08-05T22:28:39.7839607+07:00" testType="13cdc9d9-ddb5-4fa4-a97d-d965ccfc6d4b" outcome="Passed" testListId="8c84fa94-04c1-424b-9868-57a2d4851a1d" relativeResultsDirectory="ee47df8c-d9eb-4224-af52-ee6a065c2617" />
    <UnitTestResult executionId="f909e199-9484-45d4-b84c-c56c29ee721f" testId="baaf7d35-b68c-b68f-25bd-78cf6e83c37a" testName="FootballBooking.Tests.Application.BookingServiceTests.CreateBookingAsync_WhenAdjacentToConfirmedBooking_AllowsBooking" computerName="LAPTOP-5JPK4QMD" duration="00:00:00.0128416" startTime="2026-08-05T22:28:39.8911488+07:00" endTime="2026-08-05T22:28:39.8915285+07:00" testType="13cdc9d9-ddb5-4fa4-a97d-d965ccfc6d4b" outcome="Passed" testListId="8c84fa94-04c1-424b-9868-57a2d4851a1d" relativeResultsDirectory="f909e199-9484-45d4-b84c-c56c29ee721f" />
    <UnitTestResult executionId="36feb4a0-ccb3-46da-b83e-827fe7d207bd" testId="f278de0f-4b6b-99ed-1687-354dce31ef94" testName="FootballBooking.Tests.Integration.FieldRoutesTests.AdminSchedule_WhenAnonymous_RedirectsToAdminLogin" computerName="LAPTOP-5JPK4QMD" duration="00:00:00.0654359" startTime="2026-08-05T22:28:42.5020536+07:00" endTime="2026-08-05T22:28:42.5677056+07:00" testType="13cdc9d9-ddb5-4fa4-a97d-d965ccfc6d4b" outcome="Passed" testListId="8c84fa94-04c1-424b-9868-57a2d4851a1d" relativeResultsDirectory="36feb4a0-ccb3-46da-b83e-827fe7d207bd" />
    <UnitTestResult executionId="1b49218d-1e02-406b-ac10-22f6453884c3" testId="2f4e7df2-2cd5-d9bb-1ab5-5506c55555b6" testName="FootballBooking.Tests.Application.BookingServiceTests.SaveServiceAsync_WhenCodeIsBlank_GeneratesVietnameseServiceCode" computerName="LAPTOP-5JPK4QMD" duration="00:00:00.0032798" startTime="2026-08-05T22:28:39.8916096+07:00" endTime="2026-08-05T22:28:39.8917305+07:00" testType="13cdc9d9-ddb5-4fa4-a97d-d965ccfc6d4b" outcome="Passed" testListId="8c84fa94-04c1-424b-9868-57a2d4851a1d" relativeResultsDirectory="1b49218d-1e02-406b-ac10-22f6453884c3" />
    <UnitTestResult executionId="3b724a00-ff92-4f2a-a75c-bf891caa6859" testId="e9261c6d-3d2a-3435-d4af-4a51b0df130d" testName="FootballBooking.Tests.Application.ReportServiceTests.ExportRevenueCsvAsync_WhenRequested_UsesUtf8BomAndVietnameseHeaders" computerName="LAPTOP-5JPK4QMD" duration="00:00:00.0916574" startTime="2026-08-05T22:28:39.7760606+07:00" endTime="2026-08-05T22:28:39.8912058+07:00" testType="13cdc9d9-ddb5-4fa4-a97d-d965ccfc6d4b" outcome="Passed" testListId="8c84fa94-04c1-424b-9868-57a2d4851a1d" relativeResultsDirectory="3b724a00-ff92-4f2a-a75c-bf891caa6859" />
    <UnitTestResult executionId="cf088ad0-2f16-4a9b-88c0-90d58d2099cd" testId="ca5a35bf-a435-8d22-5c4e-e9b03e8a7522" testName="FootballBooking.Tests.Integration.FieldRoutesTests.AdminCommerceRoutes_WhenAnonymous_RedirectToAdminLogin" computerName="LAPTOP-5JPK4QMD" duration="00:00:00.0654160" startTime="2026-08-05T22:28:42.0790477+07:00" endTime="2026-08-05T22:28:42.1447135+07:00" testType="13cdc9d9-ddb5-4fa4-a97d-d965ccfc6d4b" outcome="Passed" testListId="8c84fa94-04c1-424b-9868-57a2d4851a1d" relativeResultsDirectory="cf088ad0-2f16-4a9b-88c0-90d58d2099cd" />
    <UnitTestResult executionId="60155e18-25da-47d5-ae4d-866e8c90f0f4" testId="138a4df4-c684-18a2-d744-866d46a2b1f3" testName="FootballBooking.Tests.Application.ReportServiceTests.GetOwnerDashboardAsync_WhenBookingsHaveMixedStatuses_ExcludesCancelledAndNoShowFromRevenue" computerName="LAPTOP-5JPK4QMD" duration="00:00:00.0127245" startTime="2026-08-05T22:28:39.8914838+07:00" endTime="2026-08-05T22:28:39.8916369+07:00" testType="13cdc9d9-ddb5-4fa4-a97d-d965ccfc6d4b" outcome="Passed" testListId="8c84fa94-04c1-424b-9868-57a2d4851a1d" relativeResultsDirectory="60155e18-25da-47d5-ae4d-866e8c90f0f4" />
    <UnitTestResult executionId="bd1b617f-7d39-46b4-8d10-4c0039183436" testId="2fd93794-dd7c-f021-42f1-7549d5440053" testName="FootballBooking.Tests.Integration.FieldRoutesTests.AdminFields_WhenAnonymous_RedirectsToAdminLogin" computerName="LAPTOP-5JPK4QMD" duration="00:00:00.0609085" startTime="2026-08-05T22:28:42.0176422+07:00" endTime="2026-08-05T22:28:42.0788846+07:00" testType="13cdc9d9-ddb5-4fa4-a97d-d965ccfc6d4b" outcome="Passed" testListId="8c84fa94-04c1-424b-9868-57a2d4851a1d" relativeResultsDirectory="bd1b617f-7d39-46b4-8d10-4c0039183436" />
    <UnitTestResult executionId="bfad2ad0-7508-4e40-bb88-6853ba6106e0" testId="cc50d59a-8b83-f003-bbbc-5b1b73ffbcc6" testName="FootballBooking.Tests.Integration.FieldRoutesTests.CommerceRoutes_WhenSeeded_RenderServicesAndPromotions" computerName="LAPTOP-5JPK4QMD" duration="00:00:00.1251208" startTime="2026-08-05T22:28:42.3771582+07:00" endTime="2026-08-05T22:28:42.5018875+07:00" testType="13cdc9d9-ddb5-4fa4-a97d-d965ccfc6d4b" outcome="Passed" testListId="8c84fa94-04c1-424b-9868-57a2d4851a1d" relativeResultsDirectory="bfad2ad0-7508-4e40-bb88-6853ba6106e0" />
    <UnitTestResult executionId="41a0fe97-5451-4fe0-916c-c173ee87d97b" testId="f89a56e6-ff23-eeff-0a73-327e87789889" testName="FootballBooking.Tests.Application.BookingServiceTests.CreateBookingAsync_WhenFieldBlockOverlaps_ReturnsBlockMessage" computerName="LAPTOP-5JPK4QMD" duration="00:00:00.0007066" startTime="2026-08-05T22:28:39.9406010+07:00" endTime="2026-08-05T22:28:39.9412326+07:00" testType="13cdc9d9-ddb5-4fa4-a97d-d965ccfc6d4b" outcome="Passed" testListId="8c84fa94-04c1-424b-9868-57a2d4851a1d" relativeResultsDirectory="41a0fe97-5451-4fe0-916c-c173ee87d97b" />
    <UnitTestResult executionId="108861fc-dbcb-41a0-9727-ca6c2cd3b298" testId="331e8c49-a020-b74d-9866-83f4dfb91082" testName="FootballBooking.Tests.Application.BookingServiceTests.CreateBookingAsync_WhenOverlapsConfirmedBooking_ReturnsConflict" computerName="LAPTOP-5JPK4QMD" duration="00:00:00.0003803" startTime="2026-08-05T22:28:39.9486432+07:00" endTime="2026-08-05T22:28:39.9489330+07:00" testType="13cdc9d9-ddb5-4fa4-a97d-d965ccfc6d4b" outcome="Passed" testListId="8c84fa94-04c1-424b-9868-57a2d4851a1d" relativeResultsDirectory="108861fc-dbcb-41a0-9727-ca6c2cd3b298" />
    <UnitTestResult executionId="f0ae0591-039b-461b-8e58-3ff359d5841e" testId="745eb0a6-7ed5-e1c3-8bd5-9d9f54cf2961" testName="FootballBooking.Tests.Integration.IdentitySeederTests.SeedDevelopmentOwnerAsync_WhenConfigured_CreatesRolesAndOwner" computerName="LAPTOP-5JPK4QMD" duration="00:00:01.9921559" startTime="2026-08-05T22:28:39.7761271+07:00" endTime="2026-08-05T22:28:41.7727712+07:00" testType="13cdc9d9-ddb5-4fa4-a97d-d965ccfc6d4b" outcome="Passed" testListId="8c84fa94-04c1-424b-9868-57a2d4851a1d" relativeResultsDirectory="f0ae0591-039b-461b-8e58-3ff359d5841e" />
    <UnitTestResult executionId="a596f074-42ed-46fc-8f26-5e30b3e0fa8f" testId="65b2159f-8c13-0700-65d9-395606741f72" testName="FootballBooking.Tests.Application.BookingServiceTests.ChangeStatusAsync_WhenCompletedBackToInProgress_ReturnsVietnameseError" computerName="LAPTOP-5JPK4QMD" duration="00:00:00.0004034" startTime="2026-08-05T22:28:39.9421985+07:00" endTime="2026-08-05T22:28:39.9425766+07:00" testType="13cdc9d9-ddb5-4fa4-a97d-d965ccfc6d4b" outcome="Passed" testListId="8c84fa94-04c1-424b-9868-57a2d4851a1d" relativeResultsDirectory="a596f074-42ed-46fc-8f26-5e30b3e0fa8f" />
    <UnitTestResult executionId="6d162340-ac4c-4b7a-96cd-4930ac365860" testId="42590924-01be-5845-ac88-fbee7b5f8e8e" testName="FootballBooking.Tests.Integration.FieldPersistenceTests.DevelopmentFieldSeeder_WhenRunTwice_CreatesThreeFieldsOnlyOnce" computerName="LAPTOP-5JPK4QMD" duration="00:00:01.9227965" startTime="2026-08-05T22:28:39.7760984+07:00" endTime="2026-08-05T22:28:41.7034843+07:00" testType="13cdc9d9-ddb5-4fa4-a97d-d965ccfc6d4b" outcome="Passed" testListId="8c84fa94-04c1-424b-9868-57a2d4851a1d" relativeResultsDirectory="6d162340-ac4c-4b7a-96cd-4930ac365860" />
    <UnitTestResult executionId="84ff82f5-3e82-4bb0-9e04-7f078f9dc4f8" testId="c84a6bf2-bc8e-d64a-720e-96086ca5adce" testName="FootballBooking.Tests.Application.BookingServiceTests.ChangeStatusAsync_WhenOperationalFlowIsValid_ProgressesToCompleted" computerName="LAPTOP-5JPK4QMD" duration="00:00:00.0046152" startTime="2026-08-05T22:28:39.9535997+07:00" endTime="2026-08-05T22:28:39.9536390+07:00" testType="13cdc9d9-ddb5-4fa4-a97d-d965ccfc6d4b" outcome="Passed" testListId="8c84fa94-04c1-424b-9868-57a2d4851a1d" relativeResultsDirectory="84ff82f5-3e82-4bb0-9e04-7f078f9dc4f8" />
    <UnitTestResult executionId="9080ac6e-6380-41fd-8227-28b2b45eb963" testId="98897704-624b-7861-33c3-6b0f5b574ded" testName="FootballBooking.Tests.Application.BookingServiceTests.ChangeStatusAsync_WhenNoShowAfterGrace_MarksNoShow" computerName="LAPTOP-5JPK4QMD" duration="00:00:00.0004356" startTime="2026-08-05T22:28:39.9426382+07:00" endTime="2026-08-05T22:28:39.9430472+07:00" testType="13cdc9d9-ddb5-4fa4-a97d-d965ccfc6d4b" outcome="Passed" testListId="8c84fa94-04c1-424b-9868-57a2d4851a1d" relativeResultsDirectory="9080ac6e-6380-41fd-8227-28b2b45eb963" />
    <UnitTestResult executionId="a54d3461-b628-4cc8-a0aa-11fcec1b35ac" testId="79004eb6-d2fe-1780-5f88-7fa3743916f7" testName="FootballBooking.Tests.Integration.AdminRoutesTests.OwnerReportRoutes_WhenAnonymous_RedirectToAdminLogin(route: &quot;/admin/reports&quot;)" computerName="LAPTOP-5JPK4QMD" duration="00:00:00.0658191" startTime="2026-08-05T22:28:41.1235458+07:00" endTime="2026-08-05T22:28:41.1895490+07:00" testType="13cdc9d9-ddb5-4fa4-a97d-d965ccfc6d4b" outcome="Passed" testListId="8c84fa94-04c1-424b-9868-57a2d4851a1d" relativeResultsDirectory="a54d3461-b628-4cc8-a0aa-11fcec1b35ac" />
    <UnitTestResult executionId="c67d44bf-4f5f-43b2-9bf3-a1b36be6de2e" testId="b72eb625-2712-9165-276b-7f37a84c95a1" testName="FootballBooking.Tests.Integration.AdminRoutesTests.Login_WhenRequested_ReturnsVietnameseLoginPage" computerName="LAPTOP-5JPK4QMD" duration="00:00:00.1247529" startTime="2026-08-05T22:28:40.9980086+07:00" endTime="2026-08-05T22:28:41.1233209+07:00" testType="13cdc9d9-ddb5-4fa4-a97d-d965ccfc6d4b" outcome="Passed" testListId="8c84fa94-04c1-424b-9868-57a2d4851a1d" relativeResultsDirectory="c67d44bf-4f5f-43b2-9bf3-a1b36be6de2e" />
    <UnitTestResult executionId="1497c6ff-2d49-4df8-b225-08316088fc13" testId="c27d47f9-a4a0-f7e7-1ce6-1ed8893293ee" testName="FootballBooking.Tests.Integration.FieldRoutesTests.AdminBookings_WhenAnonymous_RedirectsToAdminLogin" computerName="LAPTOP-5JPK4QMD" duration="00:00:00.0552955" startTime="2026-08-05T22:28:42.3209607+07:00" endTime="2026-08-05T22:28:42.3764503+07:00" testType="13cdc9d9-ddb5-4fa4-a97d-d965ccfc6d4b" outcome="Passed" testListId="8c84fa94-04c1-424b-9868-57a2d4851a1d" relativeResultsDirectory="1497c6ff-2d49-4df8-b225-08316088fc13" />
    <UnitTestResult executionId="fc07eae6-aae4-4e86-aa65-e0f565c9a12b" testId="27afaef1-ba45-b8d7-d555-bcbc19752083" testName="FootballBooking.Tests.Integration.FieldPersistenceTests.DevelopmentCommerceSeeder_WhenRunTwice_CreatesVietnameseServicesAndPromotionsOnce" computerName="LAPTOP-5JPK4QMD" duration="00:00:00.0801885" startTime="2026-08-05T22:28:41.7038365+07:00" endTime="2026-08-05T22:28:41.7836227+07:00" testType="13cdc9d9-ddb5-4fa4-a97d-d965ccfc6d4b" outcome="Passed" testListId="8c84fa94-04c1-424b-9868-57a2d4851a1d" relativeResultsDirectory="fc07eae6-aae4-4e86-aa65-e0f565c9a12b" />
    <UnitTestResult executionId="a63486f6-24d1-40a8-9041-818405705ec9" testId="78a3e9ed-5354-1472-d9c5-5f525bdaf4d2" testName="FootballBooking.Tests.Integration.AdminRoutesTests.Home_WhenRequested_ReturnsVietnamesePublicShell" computerName="LAPTOP-5JPK4QMD" duration="00:00:01.2144251" startTime="2026-08-05T22:28:39.7761388+07:00" endTime="2026-08-05T22:28:40.9971272+07:00" testType="13cdc9d9-ddb5-4fa4-a97d-d965ccfc6d4b" outcome="Passed" testListId="8c84fa94-04c1-424b-9868-57a2d4851a1d" relativeResultsDirectory="a63486f6-24d1-40a8-9041-818405705ec9" />
    <UnitTestResult executionId="0ab26c80-a762-41d3-8ef9-d6552aca70db" testId="fd8508c3-0f08-4645-fb2f-0fb6c1ed99a8" testName="FootballBooking.Tests.Application.BookingServiceTests.CreateBookingAsync_WhenServicesAndPromotionAreValid_SnapshotsAmounts" computerName="LAPTOP-5JPK4QMD" duration="00:00:00.0066857" startTime="2026-08-05T22:28:39.9339054+07:00" endTime="2026-08-05T22:28:39.9404939+07:00" testType="13cdc9d9-ddb5-4fa4-a97d-d965ccfc6d4b" outcome="Passed" testListId="8c84fa94-04c1-424b-9868-57a2d4851a1d" relativeResultsDirectory="0ab26c80-a762-41d3-8ef9-d6552aca70db" />
    <UnitTestResult executionId="32d916dd-95a1-49db-9d63-ce217ececf41" testId="a0443c6e-c83c-b943-74a4-d2f979ae3c52" testName="FootballBooking.Tests.Application.BookingServiceTests.LookupBookingAsync_WhenPhoneDoesNotMatch_ReturnsNull" computerName="LAPTOP-5JPK4QMD" duration="00:00:00.0016019" startTime="2026-08-05T22:28:39.8918918+07:00" endTime="2026-08-05T22:28:39.8919183+07:00" testType="13cdc9d9-ddb5-4fa4-a97d-d965ccfc6d4b" outcome="Passed" testListId="8c84fa94-04c1-424b-9868-57a2d4851a1d" relativeResultsDirectory="32d916dd-95a1-49db-9d63-ce217ececf41" />
  </Results>
  <TestDefinitions>
    <UnitTest name="FootballBooking.Tests.Integration.AdminRoutesTests.OwnerReportRoutes_WhenAnonymous_RedirectToAdminLogin(route: &quot;/admin/reports&quot;)" storage="e:\projects\footballbooking\tests\footballbooking.tests\bin\debug\net10.0\footballbooking.tests.dll" id="79004eb6-d2fe-1780-5f88-7fa3743916f7">
      <Execution id="a54d3461-b628-4cc8-a0aa-11fcec1b35ac" />
      <TestMethod codeBase="E:\Projects\FootballBooking\tests\FootballBooking.Tests\bin\Debug\net10.0\FootballBooking.Tests.dll" adapterTypeName="executor://xunit/VsTestRunner3/netcore/" className="FootballBooking.Tests.Integration.AdminRoutesTests" name="OwnerReportRoutes_WhenAnonymous_RedirectToAdminLogin" />
    </UnitTest>
    <UnitTest name="FootballBooking.Tests.Application.BookingServiceTests.CreateBookingAsync_WhenGuestBookingIsValid_CreatesPendingHoldWithVietnameseSafeCode" storage="e:\projects\footballbooking\tests\footballbooking.tests\bin\debug\net10.0\footballbooking.tests.dll" id="6461a3b5-66a5-680e-c4dc-39030848f045">
      <Execution id="e1743f17-646e-48ab-98aa-d658fc456ed7" />
      <TestMethod codeBase="E:\Projects\FootballBooking\tests\FootballBooking.Tests\bin\Debug\net10.0\FootballBooking.Tests.dll" adapterTypeName="executor://xunit/VsTestRunner3/netcore/" className="FootballBooking.Tests.Application.BookingServiceTests" name="CreateBookingAsync_WhenGuestBookingIsValid_CreatesPendingHoldWithVietnameseSafeCode" />
    </UnitTest>
    <UnitTest name="FootballBooking.Tests.Application.BookingServiceTests.CreateBookingAsync_WhenAdjacentToConfirmedBooking_AllowsBooking" storage="e:\projects\footballbooking\tests\footballbooking.tests\bin\debug\net10.0\footballbooking.tests.dll" id="baaf7d35-b68c-b68f-25bd-78cf6e83c37a">
      <Execution id="f909e199-9484-45d4-b84c-c56c29ee721f" />
      <TestMethod codeBase="E:\Projects\FootballBooking\tests\FootballBooking.Tests\bin\Debug\net10.0\FootballBooking.Tests.dll" adapterTypeName="executor://xunit/VsTestRunner3/netcore/" className="FootballBooking.Tests.Application.BookingServiceTests" name="CreateBookingAsync_WhenAdjacentToConfirmedBooking_AllowsBooking" />
    </UnitTest>
    <UnitTest name="FootballBooking.Tests.Application.FieldServiceTests.CreateFieldAsync_WhenDuplicateSlug_ReturnsFailure" storage="e:\projects\footballbooking\tests\footballbooking.tests\bin\debug\net10.0\footballbooking.tests.dll" id="2c46ed5f-15b2-e1e2-ffd8-343dce92dd15">
      <Execution id="3fb05f91-4984-417d-946a-51f752aa39e1" />
      <TestMethod codeBase="E:\Projects\FootballBooking\tests\FootballBooking.Tests\bin\Debug\net10.0\FootballBooking.Tests.dll" adapterTypeName="executor://xunit/VsTestRunner3/netcore/" className="FootballBooking.Tests.Application.FieldServiceTests" name="CreateFieldAsync_WhenDuplicateSlug_ReturnsFailure" />
    </UnitTest>
    <UnitTest name="FootballBooking.Tests.Integration.AdminRoutesTests.Login_WhenRequested_ReturnsVietnameseLoginPage" storage="e:\projects\footballbooking\tests\footballbooking.tests\bin\debug\net10.0\footballbooking.tests.dll" id="b72eb625-2712-9165-276b-7f37a84c95a1">
      <Execution id="c67d44bf-4f5f-43b2-9bf3-a1b36be6de2e" />
      <TestMethod codeBase="E:\Projects\FootballBooking\tests\FootballBooking.Tests\bin\Debug\net10.0\FootballBooking.Tests.dll" adapterTypeName="executor://xunit/VsTestRunner3/netcore/" className="FootballBooking.Tests.Integration.AdminRoutesTests" name="Login_WhenRequested_ReturnsVietnameseLoginPage" />
    </UnitTest>
    <UnitTest name="FootballBooking.Tests.Integration.AdminRoutesTests.DesignSystem_WhenNotDevelopment_ReturnsNotFound" storage="e:\projects\footballbooking\tests\footballbooking.tests\bin\debug\net10.0\footballbooking.tests.dll" id="0905ab7b-79ef-1a93-f6e8-7fc5cbe702f5">
      <Execution id="900c8ad3-15ea-4d08-aa48-65dc750f44f2" />
      <TestMethod codeBase="E:\Projects\FootballBooking\tests\FootballBooking.Tests\bin\Debug\net10.0\FootballBooking.Tests.dll" adapterTypeName="executor://xunit/VsTestRunner3/netcore/" className="FootballBooking.Tests.Integration.AdminRoutesTests" name="DesignSystem_WhenNotDevelopment_ReturnsNotFound" />
    </UnitTest>
    <UnitTest name="FootballBooking.Tests.Integration.FieldPersistenceTests.DevelopmentCommerceSeeder_WhenRunTwice_CreatesVietnameseServicesAndPromotionsOnce" storage="e:\projects\footballbooking\tests\footballbooking.tests\bin\debug\net10.0\footballbooking.tests.dll" id="27afaef1-ba45-b8d7-d555-bcbc19752083">
      <Execution id="fc07eae6-aae4-4e86-aa65-e0f565c9a12b" />
      <TestMethod codeBase="E:\Projects\FootballBooking\tests\FootballBooking.Tests\bin\Debug\net10.0\FootballBooking.Tests.dll" adapterTypeName="executor://xunit/VsTestRunner3/netcore/" className="FootballBooking.Tests.Integration.FieldPersistenceTests" name="DevelopmentCommerceSeeder_WhenRunTwice_CreatesVietnameseServicesAndPromotionsOnce" />
    </UnitTest>
    <UnitTest name="FootballBooking.Tests.Integration.FieldRoutesTests.AdminSchedule_WhenAnonymous_RedirectsToAdminLogin" storage="e:\projects\footballbooking\tests\footballbooking.tests\bin\debug\net10.0\footballbooking.tests.dll" id="f278de0f-4b6b-99ed-1687-354dce31ef94">
      <Execution id="36feb4a0-ccb3-46da-b83e-827fe7d207bd" />
      <TestMethod codeBase="E:\Projects\FootballBooking\tests\FootballBooking.Tests\bin\Debug\net10.0\FootballBooking.Tests.dll" adapterTypeName="executor://xunit/VsTestRunner3/netcore/" className="FootballBooking.Tests.Integration.FieldRoutesTests" name="AdminSchedule_WhenAnonymous_RedirectsToAdminLogin" />
    </UnitTest>
    <UnitTest name="FootballBooking.Tests.Integration.AdminRoutesTests.Home_WhenRequested_ReturnsVietnamesePublicShell" storage="e:\projects\footballbooking\tests\footballbooking.tests\bin\debug\net10.0\footballbooking.tests.dll" id="78a3e9ed-5354-1472-d9c5-5f525bdaf4d2">
      <Execution id="a63486f6-24d1-40a8-9041-818405705ec9" />
      <TestMethod codeBase="E:\Projects\FootballBooking\tests\FootballBooking.Tests\bin\Debug\net10.0\FootballBooking.Tests.dll" adapterTypeName="executor://xunit/VsTestRunner3/netcore/" className="FootballBooking.Tests.Integration.AdminRoutesTests" name="Home_WhenRequested_ReturnsVietnamesePublicShell" />
    </UnitTest>
    <UnitTest name="FootballBooking.Tests.Integration.FieldRoutesTests.BookingRoutes_WhenSeeded_RenderPublicBookingAndLookup" storage="e:\projects\footballbooking\tests\footballbooking.tests\bin\debug\net10.0\footballbooking.tests.dll" id="69815bb5-275d-7587-a29f-61f225413389">
      <Execution id="bfc8b49f-e00c-4a94-9246-db03022d9e9c" />
      <TestMethod codeBase="E:\Projects\FootballBooking\tests\FootballBooking.Tests\bin\Debug\net10.0\FootballBooking.Tests.dll" adapterTypeName="executor://xunit/VsTestRunner3/netcore/" className="FootballBooking.Tests.Integration.FieldRoutesTests" name="BookingRoutes_WhenSeeded_RenderPublicBookingAndLookup" />
    </UnitTest>
    <UnitTest name="FootballBooking.Tests.Application.BookingServiceTests.ChangeStatusAsync_WhenCompletedBackToInProgress_ReturnsVietnameseError" storage="e:\projects\footballbooking\tests\footballbooking.tests\bin\debug\net10.0\footballbooking.tests.dll" id="65b2159f-8c13-0700-65d9-395606741f72">
      <Execution id="a596f074-42ed-46fc-8f26-5e30b3e0fa8f" />
      <TestMethod codeBase="E:\Projects\FootballBooking\tests\FootballBooking.Tests\bin\Debug\net10.0\FootballBooking.Tests.dll" adapterTypeName="executor://xunit/VsTestRunner3/netcore/" className="FootballBooking.Tests.Application.BookingServiceTests" name="ChangeStatusAsync_WhenCompletedBackToInProgress_ReturnsVietnameseError" />
    </UnitTest>
    <UnitTest name="FootballBooking.Tests.Integration.FieldRoutesTests.CommerceRoutes_WhenSeeded_RenderServicesAndPromotions" storage="e:\projects\footballbooking\tests\footballbooking.tests\bin\debug\net10.0\footballbooking.tests.dll" id="cc50d59a-8b83-f003-bbbc-5b1b73ffbcc6">
      <Execution id="bfad2ad0-7508-4e40-bb88-6853ba6106e0" />
      <TestMethod codeBase="E:\Projects\FootballBooking\tests\FootballBooking.Tests\bin\Debug\net10.0\FootballBooking.Tests.dll" adapterTypeName="executor://xunit/VsTestRunner3/netcore/" className="FootballBooking.Tests.Integration.FieldRoutesTests" name="CommerceRoutes_WhenSeeded_RenderServicesAndPromotions" />
    </UnitTest>
    <UnitTest name="FootballBooking.Tests.Application.BookingServiceTests.ChangeStatusAsync_WhenOperationalFlowIsValid_ProgressesToCompleted" storage="e:\projects\footballbooking\tests\footballbooking.tests\bin\debug\net10.0\footballbooking.tests.dll" id="c84a6bf2-bc8e-d64a-720e-96086ca5adce">
      <Execution id="84ff82f5-3e82-4bb0-9e04-7f078f9dc4f8" />
      <TestMethod codeBase="E:\Projects\FootballBooking\tests\FootballBooking.Tests\bin\Debug\net10.0\FootballBooking.Tests.dll" adapterTypeName="executor://xunit/VsTestRunner3/netcore/" className="FootballBooking.Tests.Application.BookingServiceTests" name="ChangeStatusAsync_WhenOperationalFlowIsValid_ProgressesToCompleted" />
    </UnitTest>
    <UnitTest name="FootballBooking.Tests.Application.BookingServiceTests.SavePromotionAsync_WhenPercentageIsTooHigh_ReturnsVietnameseError" storage="e:\projects\footballbooking\tests\footballbooking.tests\bin\debug\net10.0\footballbooking.tests.dll" id="13401983-d589-b9b8-fe59-505790307ae9">
      <Execution id="6875e208-2e19-4d2d-98f1-49f25f183a4b" />
      <TestMethod codeBase="E:\Projects\FootballBooking\tests\FootballBooking.Tests\bin\Debug\net10.0\FootballBooking.Tests.dll" adapterTypeName="executor://xunit/VsTestRunner3/netcore/" className="FootballBooking.Tests.Application.BookingServiceTests" name="SavePromotionAsync_WhenPercentageIsTooHigh_ReturnsVietnameseError" />
    </UnitTest>
    <UnitTest name="FootballBooking.Tests.Application.BookingServiceTests.ListScheduleEventsAsync_WhenBookingExists_ReturnsVietnameseScheduleEvent" storage="e:\projects\footballbooking\tests\footballbooking.tests\bin\debug\net10.0\footballbooking.tests.dll" id="de598708-a8a5-26db-52a2-254cbb89069f">
      <Execution id="8155a2b9-6f57-4186-abce-0b0ec6136b77" />
      <TestMethod codeBase="E:\Projects\FootballBooking\tests\FootballBooking.Tests\bin\Debug\net10.0\FootballBooking.Tests.dll" adapterTypeName="executor://xunit/VsTestRunner3/netcore/" className="FootballBooking.Tests.Application.BookingServiceTests" name="ListScheduleEventsAsync_WhenBookingExists_ReturnsVietnameseScheduleEvent" />
    </UnitTest>
    <UnitTest name="FootballBooking.Tests.Application.BookingServiceTests.RecordPaymentAsync_WhenDepositRecorded_ConfirmsPendingBookingAndMarksPartiallyPaid" storage="e:\projects\footballbooking\tests\footballbooking.tests\bin\debug\net10.0\footballbooking.tests.dll" id="f67c5eba-ee56-b27a-03fb-a436c19baf32">
      <Execution id="01960d77-8111-4d24-a42c-156078810aaa" />
      <TestMethod codeBase="E:\Projects\FootballBooking\tests\FootballBooking.Tests\bin\Debug\net10.0\FootballBooking.Tests.dll" adapterTypeName="executor://xunit/VsTestRunner3/netcore/" className="FootballBooking.Tests.Application.BookingServiceTests" name="RecordPaymentAsync_WhenDepositRecorded_ConfirmsPendingBookingAndMarksPartiallyPaid" />
    </UnitTest>
    <UnitTest name="FootballBooking.Tests.Integration.FieldRoutesTests.PublicFields_WhenSeeded_RendersFieldListAndDetails" storage="e:\projects\footballbooking\tests\footballbooking.tests\bin\debug\net10.0\footballbooking.tests.dll" id="a492e801-917b-92be-0d6d-a5549928449d">
      <Execution id="072334ee-68bd-4b26-a046-8c6e3d8bfaf5" />
      <TestMethod codeBase="E:\Projects\FootballBooking\tests\FootballBooking.Tests\bin\Debug\net10.0\FootballBooking.Tests.dll" adapterTypeName="executor://xunit/VsTestRunner3/netcore/" className="FootballBooking.Tests.Integration.FieldRoutesTests" name="PublicFields_WhenSeeded_RendersFieldListAndDetails" />
    </UnitTest>
    <UnitTest name="FootballBooking.Tests.Application.BookingServiceTests.ChangeStatusAsync_WhenNoShowBeforeGrace_ReturnsPolicyMessage" storage="e:\projects\footballbooking\tests\footballbooking.tests\bin\debug\net10.0\footballbooking.tests.dll" id="38350e3c-a53c-953a-2a11-27b31bcf6f63">
      <Execution id="d8fd95c0-3ee5-48c0-9a58-45a48bbc9244" />
      <TestMethod codeBase="E:\Projects\FootballBooking\tests\FootballBooking.Tests\bin\Debug\net10.0\FootballBooking.Tests.dll" adapterTypeName="executor://xunit/VsTestRunner3/netcore/" className="FootballBooking.Tests.Application.BookingServiceTests" name="ChangeStatusAsync_WhenNoShowBeforeGrace_ReturnsPolicyMessage" />
    </UnitTest>
    <UnitTest name="FootballBooking.Tests.Integration.AdminRoutesTests.Dashboard_WhenAnonymous_RedirectsToAdminLogin" storage="e:\projects\footballbooking\tests\footballbooking.tests\bin\debug\net10.0\footballbooking.tests.dll" id="69149d88-fece-ac05-e6e4-8d44480938d9">
      <Execution id="07206f77-261d-47c2-a9cf-88fc24c9b24f" />
      <TestMethod codeBase="E:\Projects\FootballBooking\tests\FootballBooking.Tests\bin\Debug\net10.0\FootballBooking.Tests.dll" adapterTypeName="executor://xunit/VsTestRunner3/netcore/" className="FootballBooking.Tests.Integration.AdminRoutesTests" name="Dashboard_WhenAnonymous_RedirectsToAdminLogin" />
    </UnitTest>
    <UnitTest name="FootballBooking.Tests.Application.BookingServiceTests.CreateBookingAsync_WhenFieldBlockOverlaps_ReturnsBlockMessage" storage="e:\projects\footballbooking\tests\footballbooking.tests\bin\debug\net10.0\footballbooking.tests.dll" id="f89a56e6-ff23-eeff-0a73-327e87789889">
      <Execution id="41a0fe97-5451-4fe0-916c-c173ee87d97b" />
      <TestMethod codeBase="E:\Projects\FootballBooking\tests\FootballBooking.Tests\bin\Debug\net10.0\FootballBooking.Tests.dll" adapterTypeName="executor://xunit/VsTestRunner3/netcore/" className="FootballBooking.Tests.Application.BookingServiceTests" name="CreateBookingAsync_WhenFieldBlockOverlaps_ReturnsBlockMessage" />
    </UnitTest>
    <UnitTest name="FootballBooking.Tests.Integration.FieldRoutesTests.AdminBookings_WhenAnonymous_RedirectsToAdminLogin" storage="e:\projects\footballbooking\tests\footballbooking.tests\bin\debug\net10.0\footballbooking.tests.dll" id="c27d47f9-a4a0-f7e7-1ce6-1ed8893293ee">
      <Execution id="1497c6ff-2d49-4df8-b225-08316088fc13" />
      <TestMethod codeBase="E:\Projects\FootballBooking\tests\FootballBooking.Tests\bin\Debug\net10.0\FootballBooking.Tests.dll" adapterTypeName="executor://xunit/VsTestRunner3/netcore/" className="FootballBooking.Tests.Integration.FieldRoutesTests" name="AdminBookings_WhenAnonymous_RedirectsToAdminLogin" />
    </UnitTest>
    <UnitTest name="FootballBooking.Tests.Application.BookingServiceTests.LookupBookingAsync_WhenPhoneDoesNotMatch_ReturnsNull" storage="e:\projects\footballbooking\tests\footballbooking.tests\bin\debug\net10.0\footballbooking.tests.dll" id="a0443c6e-c83c-b943-74a4-d2f979ae3c52">
      <Execution id="32d916dd-95a1-49db-9d63-ce217ececf41" />
      <TestMethod codeBase="E:\Projects\FootballBooking\tests\FootballBooking.Tests\bin\Debug\net10.0\FootballBooking.Tests.dll" adapterTypeName="executor://xunit/VsTestRunner3/netcore/" className="FootballBooking.Tests.Application.BookingServiceTests" name="LookupBookingAsync_WhenPhoneDoesNotMatch_ReturnsNull" />
    </UnitTest>
    <UnitTest name="FootballBooking.Tests.Integration.FieldPersistenceTests.DevelopmentFieldSeeder_WhenRunTwice_CreatesThreeFieldsOnlyOnce" storage="e:\projects\footballbooking\tests\footballbooking.tests\bin\debug\net10.0\footballbooking.tests.dll" id="42590924-01be-5845-ac88-fbee7b5f8e8e">
      <Execution id="6d162340-ac4c-4b7a-96cd-4930ac365860" />
      <TestMethod codeBase="E:\Projects\FootballBooking\tests\FootballBooking.Tests\bin\Debug\net10.0\FootballBooking.Tests.dll" adapterTypeName="executor://xunit/VsTestRunner3/netcore/" className="FootballBooking.Tests.Integration.FieldPersistenceTests" name="DevelopmentFieldSeeder_WhenRunTwice_CreatesThreeFieldsOnlyOnce" />
    </UnitTest>
    <UnitTest name="FootballBooking.Tests.ApplicationRolesTests.All_WhenRead_ContainsTechnicalRoles" storage="e:\projects\footballbooking\tests\footballbooking.tests\bin\debug\net10.0\footballbooking.tests.dll" id="949eb98f-439c-4792-33f2-5c0459382a54">
      <Execution id="003a8378-c9cb-4589-98b0-e973dd6220dc" />
      <TestMethod codeBase="E:\Projects\FootballBooking\tests\FootballBooking.Tests\bin\Debug\net10.0\FootballBooking.Tests.dll" adapterTypeName="executor://xunit/VsTestRunner3/netcore/" className="FootballBooking.Tests.ApplicationRolesTests" name="All_WhenRead_ContainsTechnicalRoles" />
    </UnitTest>
    <UnitTest name="FootballBooking.Tests.Integration.FieldRoutesTests.AdminFields_WhenAnonymous_RedirectsToAdminLogin" storage="e:\projects\footballbooking\tests\footballbooking.tests\bin\debug\net10.0\footballbooking.tests.dll" id="2fd93794-dd7c-f021-42f1-7549d5440053">
      <Execution id="bd1b617f-7d39-46b4-8d10-4c0039183436" />
      <TestMethod codeBase="E:\Projects\FootballBooking\tests\FootballBooking.Tests\bin\Debug\net10.0\FootballBooking.Tests.dll" adapterTypeName="executor://xunit/VsTestRunner3/netcore/" className="FootballBooking.Tests.Integration.FieldRoutesTests" name="AdminFields_WhenAnonymous_RedirectsToAdminLogin" />
    </UnitTest>
    <UnitTest name="FootballBooking.Tests.Application.BookingServiceTests.CancelPublicBookingAsync_WhenWithinPolicy_ReturnsVietnamesePolicyMessage" storage="e:\projects\footballbooking\tests\footballbooking.tests\bin\debug\net10.0\footballbooking.tests.dll" id="cb699271-7e40-99de-496c-bbbf1f857e51">
      <Execution id="db9cc020-36bc-4d49-9b8b-56b9682e82d0" />
      <TestMethod codeBase="E:\Projects\FootballBooking\tests\FootballBooking.Tests\bin\Debug\net10.0\FootballBooking.Tests.dll" adapterTypeName="executor://xunit/VsTestRunner3/netcore/" className="FootballBooking.Tests.Application.BookingServiceTests" name="CancelPublicBookingAsync_WhenWithinPolicy_ReturnsVietnamesePolicyMessage" />
    </UnitTest>
    <UnitTest name="FootballBooking.Tests.Application.ReportServiceTests.GetStaffDashboardAsync_WhenTodayHasServiceLines_ReturnsPreparationSummary" storage="e:\projects\footballbooking\tests\footballbooking.tests\bin\debug\net10.0\footballbooking.tests.dll" id="9e5f394f-75fd-86a2-b9ba-e613efe81997">
      <Execution id="4e7bd030-14f2-4d35-a846-38ee08e65c90" />
      <TestMethod codeBase="E:\Projects\FootballBooking\tests\FootballBooking.Tests\bin\Debug\net10.0\FootballBooking.Tests.dll" adapterTypeName="executor://xunit/VsTestRunner3/netcore/" className="FootballBooking.Tests.Application.ReportServiceTests" name="GetStaffDashboardAsync_WhenTodayHasServiceLines_ReturnsPreparationSummary" />
    </UnitTest>
    <UnitTest name="FootballBooking.Tests.Application.BookingServiceTests.CreateBookingAsync_WhenOverlapsConfirmedBooking_ReturnsConflict" storage="e:\projects\footballbooking\tests\footballbooking.tests\bin\debug\net10.0\footballbooking.tests.dll" id="331e8c49-a020-b74d-9866-83f4dfb91082">
      <Execution id="108861fc-dbcb-41a0-9727-ca6c2cd3b298" />
      <TestMethod codeBase="E:\Projects\FootballBooking\tests\FootballBooking.Tests\bin\Debug\net10.0\FootballBooking.Tests.dll" adapterTypeName="executor://xunit/VsTestRunner3/netcore/" className="FootballBooking.Tests.Application.BookingServiceTests" name="CreateBookingAsync_WhenOverlapsConfirmedBooking_ReturnsConflict" />
    </UnitTest>
    <UnitTest name="FootballBooking.Tests.Application.BookingServiceTests.SaveServiceAsync_WhenCodeIsBlank_GeneratesVietnameseServiceCode" storage="e:\projects\footballbooking\tests\footballbooking.tests\bin\debug\net10.0\footballbooking.tests.dll" id="2f4e7df2-2cd5-d9bb-1ab5-5506c55555b6">
      <Execution id="1b49218d-1e02-406b-ac10-22f6453884c3" />
      <TestMethod codeBase="E:\Projects\FootballBooking\tests\FootballBooking.Tests\bin\Debug\net10.0\FootballBooking.Tests.dll" adapterTypeName="executor://xunit/VsTestRunner3/netcore/" className="FootballBooking.Tests.Application.BookingServiceTests" name="SaveServiceAsync_WhenCodeIsBlank_GeneratesVietnameseServiceCode" />
    </UnitTest>
    <UnitTest name="FootballBooking.Tests.Integration.FieldPersistenceTests.EfFieldStore_ListPublicFields_ReturnsSeededVietnameseFields" storage="e:\projects\footballbooking\tests\footballbooking.tests\bin\debug\net10.0\footballbooking.tests.dll" id="7b4a37ef-512e-7224-7b44-804d8c97ee89">
      <Execution id="a28c1c1c-2b96-4fe0-b8e8-c7db857baf94" />
      <TestMethod codeBase="E:\Projects\FootballBooking\tests\FootballBooking.Tests\bin\Debug\net10.0\FootballBooking.Tests.dll" adapterTypeName="executor://xunit/VsTestRunner3/netcore/" className="FootballBooking.Tests.Integration.FieldPersistenceTests" name="EfFieldStore_ListPublicFields_ReturnsSeededVietnameseFields" />
    </UnitTest>
    <UnitTest name="FootballBooking.Tests.Application.ReportServiceTests.ExportRevenueCsvAsync_WhenRequested_UsesUtf8BomAndVietnameseHeaders" storage="e:\projects\footballbooking\tests\footballbooking.tests\bin\debug\net10.0\footballbooking.tests.dll" id="e9261c6d-3d2a-3435-d4af-4a51b0df130d">
      <Execution id="3b724a00-ff92-4f2a-a75c-bf891caa6859" />
      <TestMethod codeBase="E:\Projects\FootballBooking\tests\FootballBooking.Tests\bin\Debug\net10.0\FootballBooking.Tests.dll" adapterTypeName="executor://xunit/VsTestRunner3/netcore/" className="FootballBooking.Tests.Application.ReportServiceTests" name="ExportRevenueCsvAsync_WhenRequested_UsesUtf8BomAndVietnameseHeaders" />
    </UnitTest>
    <UnitTest name="FootballBooking.Tests.Application.BookingServiceTests.CreateBookingAsync_WhenServicesAndPromotionAreValid_SnapshotsAmounts" storage="e:\projects\footballbooking\tests\footballbooking.tests\bin\debug\net10.0\footballbooking.tests.dll" id="fd8508c3-0f08-4645-fb2f-0fb6c1ed99a8">
      <Execution id="0ab26c80-a762-41d3-8ef9-d6552aca70db" />
      <TestMethod codeBase="E:\Projects\FootballBooking\tests\FootballBooking.Tests\bin\Debug\net10.0\FootballBooking.Tests.dll" adapterTypeName="executor://xunit/VsTestRunner3/netcore/" className="FootballBooking.Tests.Application.BookingServiceTests" name="CreateBookingAsync_WhenServicesAndPromotionAreValid_SnapshotsAmounts" />
    </UnitTest>
    <UnitTest name="FootballBooking.Tests.UnitTest1.Test1" storage="e:\projects\footballbooking\tests\footballbooking.tests\bin\debug\net10.0\footballbooking.tests.dll" id="22233943-b8c4-3206-e482-5c9d299eac56">
      <Execution id="ee47df8c-d9eb-4224-af52-ee6a065c2617" />
      <TestMethod codeBase="E:\Projects\FootballBooking\tests\FootballBooking.Tests\bin\Debug\net10.0\FootballBooking.Tests.dll" adapterTypeName="executor://xunit/VsTestRunner3/netcore/" className="FootballBooking.Tests.UnitTest1" name="Test1" />
    </UnitTest>
    <UnitTest name="FootballBooking.Tests.Integration.IdentitySeederTests.SeedDevelopmentOwnerAsync_WhenConfigured_CreatesRolesAndOwner" storage="e:\projects\footballbooking\tests\footballbooking.tests\bin\debug\net10.0\footballbooking.tests.dll" id="745eb0a6-7ed5-e1c3-8bd5-9d9f54cf2961">
      <Execution id="f0ae0591-039b-461b-8e58-3ff359d5841e" />
      <TestMethod codeBase="E:\Projects\FootballBooking\tests\FootballBooking.Tests\bin\Debug\net10.0\FootballBooking.Tests.dll" adapterTypeName="executor://xunit/VsTestRunner3/netcore/" className="FootballBooking.Tests.Integration.IdentitySeederTests" name="SeedDevelopmentOwnerAsync_WhenConfigured_CreatesRolesAndOwner" />
    </UnitTest>
    <UnitTest name="FootballBooking.Tests.Application.FieldServiceTests.CreateFieldAsync_WhenOperatingHourInvalid_ReturnsVietnameseValidationError" storage="e:\projects\footballbooking\tests\footballbooking.tests\bin\debug\net10.0\footballbooking.tests.dll" id="c2c46a1f-1a0d-40a0-59d8-985420de9a1c">
      <Execution id="0bb8b5fb-fc88-49c7-a9b4-7fdb0824b767" />
      <TestMethod codeBase="E:\Projects\FootballBooking\tests\FootballBooking.Tests\bin\Debug\net10.0\FootballBooking.Tests.dll" adapterTypeName="executor://xunit/VsTestRunner3/netcore/" className="FootballBooking.Tests.Application.FieldServiceTests" name="CreateFieldAsync_WhenOperatingHourInvalid_ReturnsVietnameseValidationError" />
    </UnitTest>
    <UnitTest name="FootballBooking.Tests.Integration.AdminRoutesTests.OwnerReportRoutes_WhenAnonymous_RedirectToAdminLogin(route: &quot;/admin/api/dashboard/revenue&quot;)" storage="e:\projects\footballbooking\tests\footballbooking.tests\bin\debug\net10.0\footballbooking.tests.dll" id="7e234ca3-bfff-413e-c0bd-8ffa0bc70a6a">
      <Execution id="1f5c4673-5150-40cf-9072-4e8f2b4a6a71" />
      <TestMethod codeBase="E:\Projects\FootballBooking\tests\FootballBooking.Tests\bin\Debug\net10.0\FootballBooking.Tests.dll" adapterTypeName="executor://xunit/VsTestRunner3/netcore/" className="FootballBooking.Tests.Integration.AdminRoutesTests" name="OwnerReportRoutes_WhenAnonymous_RedirectToAdminLogin" />
    </UnitTest>
    <UnitTest name="FootballBooking.Tests.Application.BookingServiceTests.ChangeStatusAsync_WhenNoShowAfterGrace_MarksNoShow" storage="e:\projects\footballbooking\tests\footballbooking.tests\bin\debug\net10.0\footballbooking.tests.dll" id="98897704-624b-7861-33c3-6b0f5b574ded">
      <Execution id="9080ac6e-6380-41fd-8227-28b2b45eb963" />
      <TestMethod codeBase="E:\Projects\FootballBooking\tests\FootballBooking.Tests\bin\Debug\net10.0\FootballBooking.Tests.dll" adapterTypeName="executor://xunit/VsTestRunner3/netcore/" className="FootballBooking.Tests.Application.BookingServiceTests" name="ChangeStatusAsync_WhenNoShowAfterGrace_MarksNoShow" />
    </UnitTest>
    <UnitTest name="FootballBooking.Tests.Integration.FieldRoutesTests.AdminCommerceRoutes_WhenAnonymous_RedirectToAdminLogin" storage="e:\projects\footballbooking\tests\footballbooking.tests\bin\debug\net10.0\footballbooking.tests.dll" id="ca5a35bf-a435-8d22-5c4e-e9b03e8a7522">
      <Execution id="cf088ad0-2f16-4a9b-88c0-90d58d2099cd" />
      <TestMethod codeBase="E:\Projects\FootballBooking\tests\FootballBooking.Tests\bin\Debug\net10.0\FootballBooking.Tests.dll" adapterTypeName="executor://xunit/VsTestRunner3/netcore/" className="FootballBooking.Tests.Integration.FieldRoutesTests" name="AdminCommerceRoutes_WhenAnonymous_RedirectToAdminLogin" />
    </UnitTest>
    <UnitTest name="FootballBooking.Tests.Application.BookingServiceTests.GetPricingQuoteAsync_WhenBookingCrossesTwoIntervals_ReturnsSegmentedAmount" storage="e:\projects\footballbooking\tests\footballbooking.tests\bin\debug\net10.0\footballbooking.tests.dll" id="9840c31a-06f5-a458-c688-15dc1f0aa1b1">
      <Execution id="0688cfbe-1f53-47a4-9221-732abc9e7795" />
      <TestMethod codeBase="E:\Projects\FootballBooking\tests\FootballBooking.Tests\bin\Debug\net10.0\FootballBooking.Tests.dll" adapterTypeName="executor://xunit/VsTestRunner3/netcore/" className="FootballBooking.Tests.Application.BookingServiceTests" name="GetPricingQuoteAsync_WhenBookingCrossesTwoIntervals_ReturnsSegmentedAmount" />
    </UnitTest>
    <UnitTest name="FootballBooking.Tests.Application.ReportServiceTests.GetOwnerDashboardAsync_WhenBookingsHaveMixedStatuses_ExcludesCancelledAndNoShowFromRevenue" storage="e:\projects\footballbooking\tests\footballbooking.tests\bin\debug\net10.0\footballbooking.tests.dll" id="138a4df4-c684-18a2-d744-866d46a2b1f3">
      <Execution id="60155e18-25da-47d5-ae4d-866e8c90f0f4" />
      <TestMethod codeBase="E:\Projects\FootballBooking\tests\FootballBooking.Tests\bin\Debug\net10.0\FootballBooking.Tests.dll" adapterTypeName="executor://xunit/VsTestRunner3/netcore/" className="FootballBooking.Tests.Application.ReportServiceTests" name="GetOwnerDashboardAsync_WhenBookingsHaveMixedStatuses_ExcludesCancelledAndNoShowFromRevenue" />
    </UnitTest>
  </TestDefinitions>
  <TestEntries>
    <TestEntry testId="de598708-a8a5-26db-52a2-254cbb89069f" executionId="8155a2b9-6f57-4186-abce-0b0ec6136b77" testListId="8c84fa94-04c1-424b-9868-57a2d4851a1d" />
    <TestEntry testId="cb699271-7e40-99de-496c-bbbf1f857e51" executionId="db9cc020-36bc-4d49-9b8b-56b9682e82d0" testListId="8c84fa94-04c1-424b-9868-57a2d4851a1d" />
    <TestEntry testId="c2c46a1f-1a0d-40a0-59d8-985420de9a1c" executionId="0bb8b5fb-fc88-49c7-a9b4-7fdb0824b767" testListId="8c84fa94-04c1-424b-9868-57a2d4851a1d" />
    <TestEntry testId="7b4a37ef-512e-7224-7b44-804d8c97ee89" executionId="a28c1c1c-2b96-4fe0-b8e8-c7db857baf94" testListId="8c84fa94-04c1-424b-9868-57a2d4851a1d" />
    <TestEntry testId="69149d88-fece-ac05-e6e4-8d44480938d9" executionId="07206f77-261d-47c2-a9cf-88fc24c9b24f" testListId="8c84fa94-04c1-424b-9868-57a2d4851a1d" />
    <TestEntry testId="a492e801-917b-92be-0d6d-a5549928449d" executionId="072334ee-68bd-4b26-a046-8c6e3d8bfaf5" testListId="8c84fa94-04c1-424b-9868-57a2d4851a1d" />
    <TestEntry testId="13401983-d589-b9b8-fe59-505790307ae9" executionId="6875e208-2e19-4d2d-98f1-49f25f183a4b" testListId="8c84fa94-04c1-424b-9868-57a2d4851a1d" />
    <TestEntry testId="69815bb5-275d-7587-a29f-61f225413389" executionId="bfc8b49f-e00c-4a94-9246-db03022d9e9c" testListId="8c84fa94-04c1-424b-9868-57a2d4851a1d" />
    <TestEntry testId="2c46ed5f-15b2-e1e2-ffd8-343dce92dd15" executionId="3fb05f91-4984-417d-946a-51f752aa39e1" testListId="8c84fa94-04c1-424b-9868-57a2d4851a1d" />
    <TestEntry testId="0905ab7b-79ef-1a93-f6e8-7fc5cbe702f5" executionId="900c8ad3-15ea-4d08-aa48-65dc750f44f2" testListId="8c84fa94-04c1-424b-9868-57a2d4851a1d" />
    <TestEntry testId="f67c5eba-ee56-b27a-03fb-a436c19baf32" executionId="01960d77-8111-4d24-a42c-156078810aaa" testListId="8c84fa94-04c1-424b-9868-57a2d4851a1d" />
    <TestEntry testId="9e5f394f-75fd-86a2-b9ba-e613efe81997" executionId="4e7bd030-14f2-4d35-a846-38ee08e65c90" testListId="8c84fa94-04c1-424b-9868-57a2d4851a1d" />
    <TestEntry testId="949eb98f-439c-4792-33f2-5c0459382a54" executionId="003a8378-c9cb-4589-98b0-e973dd6220dc" testListId="8c84fa94-04c1-424b-9868-57a2d4851a1d" />
    <TestEntry testId="7e234ca3-bfff-413e-c0bd-8ffa0bc70a6a" executionId="1f5c4673-5150-40cf-9072-4e8f2b4a6a71" testListId="8c84fa94-04c1-424b-9868-57a2d4851a1d" />
    <TestEntry testId="6461a3b5-66a5-680e-c4dc-39030848f045" executionId="e1743f17-646e-48ab-98aa-d658fc456ed7" testListId="8c84fa94-04c1-424b-9868-57a2d4851a1d" />
    <TestEntry testId="38350e3c-a53c-953a-2a11-27b31bcf6f63" executionId="d8fd95c0-3ee5-48c0-9a58-45a48bbc9244" testListId="8c84fa94-04c1-424b-9868-57a2d4851a1d" />
    <TestEntry testId="9840c31a-06f5-a458-c688-15dc1f0aa1b1" executionId="0688cfbe-1f53-47a4-9221-732abc9e7795" testListId="8c84fa94-04c1-424b-9868-57a2d4851a1d" />
    <TestEntry testId="22233943-b8c4-3206-e482-5c9d299eac56" executionId="ee47df8c-d9eb-4224-af52-ee6a065c2617" testListId="8c84fa94-04c1-424b-9868-57a2d4851a1d" />
    <TestEntry testId="baaf7d35-b68c-b68f-25bd-78cf6e83c37a" executionId="f909e199-9484-45d4-b84c-c56c29ee721f" testListId="8c84fa94-04c1-424b-9868-57a2d4851a1d" />
    <TestEntry testId="f278de0f-4b6b-99ed-1687-354dce31ef94" executionId="36feb4a0-ccb3-46da-b83e-827fe7d207bd" testListId="8c84fa94-04c1-424b-9868-57a2d4851a1d" />
    <TestEntry testId="2f4e7df2-2cd5-d9bb-1ab5-5506c55555b6" executionId="1b49218d-1e02-406b-ac10-22f6453884c3" testListId="8c84fa94-04c1-424b-9868-57a2d4851a1d" />
    <TestEntry testId="e9261c6d-3d2a-3435-d4af-4a51b0df130d" executionId="3b724a00-ff92-4f2a-a75c-bf891caa6859" testListId="8c84fa94-04c1-424b-9868-57a2d4851a1d" />
    <TestEntry testId="ca5a35bf-a435-8d22-5c4e-e9b03e8a7522" executionId="cf088ad0-2f16-4a9b-88c0-90d58d2099cd" testListId="8c84fa94-04c1-424b-9868-57a2d4851a1d" />
    <TestEntry testId="138a4df4-c684-18a2-d744-866d46a2b1f3" executionId="60155e18-25da-47d5-ae4d-866e8c90f0f4" testListId="8c84fa94-04c1-424b-9868-57a2d4851a1d" />
    <TestEntry testId="2fd93794-dd7c-f021-42f1-7549d5440053" executionId="bd1b617f-7d39-46b4-8d10-4c0039183436" testListId="8c84fa94-04c1-424b-9868-57a2d4851a1d" />
    <TestEntry testId="cc50d59a-8b83-f003-bbbc-5b1b73ffbcc6" executionId="bfad2ad0-7508-4e40-bb88-6853ba6106e0" testListId="8c84fa94-04c1-424b-9868-57a2d4851a1d" />
    <TestEntry testId="f89a56e6-ff23-eeff-0a73-327e87789889" executionId="41a0fe97-5451-4fe0-916c-c173ee87d97b" testListId="8c84fa94-04c1-424b-9868-57a2d4851a1d" />
    <TestEntry testId="331e8c49-a020-b74d-9866-83f4dfb91082" executionId="108861fc-dbcb-41a0-9727-ca6c2cd3b298" testListId="8c84fa94-04c1-424b-9868-57a2d4851a1d" />
    <TestEntry testId="745eb0a6-7ed5-e1c3-8bd5-9d9f54cf2961" executionId="f0ae0591-039b-461b-8e58-3ff359d5841e" testListId="8c84fa94-04c1-424b-9868-57a2d4851a1d" />
    <TestEntry testId="65b2159f-8c13-0700-65d9-395606741f72" executionId="a596f074-42ed-46fc-8f26-5e30b3e0fa8f" testListId="8c84fa94-04c1-424b-9868-57a2d4851a1d" />
    <TestEntry testId="42590924-01be-5845-ac88-fbee7b5f8e8e" executionId="6d162340-ac4c-4b7a-96cd-4930ac365860" testListId="8c84fa94-04c1-424b-9868-57a2d4851a1d" />
    <TestEntry testId="c84a6bf2-bc8e-d64a-720e-96086ca5adce" executionId="84ff82f5-3e82-4bb0-9e04-7f078f9dc4f8" testListId="8c84fa94-04c1-424b-9868-57a2d4851a1d" />
    <TestEntry testId="98897704-624b-7861-33c3-6b0f5b574ded" executionId="9080ac6e-6380-41fd-8227-28b2b45eb963" testListId="8c84fa94-04c1-424b-9868-57a2d4851a1d" />
    <TestEntry testId="79004eb6-d2fe-1780-5f88-7fa3743916f7" executionId="a54d3461-b628-4cc8-a0aa-11fcec1b35ac" testListId="8c84fa94-04c1-424b-9868-57a2d4851a1d" />
    <TestEntry testId="b72eb625-2712-9165-276b-7f37a84c95a1" executionId="c67d44bf-4f5f-43b2-9bf3-a1b36be6de2e" testListId="8c84fa94-04c1-424b-9868-57a2d4851a1d" />
    <TestEntry testId="c27d47f9-a4a0-f7e7-1ce6-1ed8893293ee" executionId="1497c6ff-2d49-4df8-b225-08316088fc13" testListId="8c84fa94-04c1-424b-9868-57a2d4851a1d" />
    <TestEntry testId="27afaef1-ba45-b8d7-d555-bcbc19752083" executionId="fc07eae6-aae4-4e86-aa65-e0f565c9a12b" testListId="8c84fa94-04c1-424b-9868-57a2d4851a1d" />
    <TestEntry testId="78a3e9ed-5354-1472-d9c5-5f525bdaf4d2" executionId="a63486f6-24d1-40a8-9041-818405705ec9" testListId="8c84fa94-04c1-424b-9868-57a2d4851a1d" />
    <TestEntry testId="fd8508c3-0f08-4645-fb2f-0fb6c1ed99a8" executionId="0ab26c80-a762-41d3-8ef9-d6552aca70db" testListId="8c84fa94-04c1-424b-9868-57a2d4851a1d" />
    <TestEntry testId="a0443c6e-c83c-b943-74a4-d2f979ae3c52" executionId="32d916dd-95a1-49db-9d63-ce217ececf41" testListId="8c84fa94-04c1-424b-9868-57a2d4851a1d" />
  </TestEntries>
  <TestLists>
    <TestList name="Results Not in a List" id="8c84fa94-04c1-424b-9868-57a2d4851a1d" />
    <TestList name="All Loaded Results" id="19431567-8539-422a-85d7-44ee4e166bda" />
  </TestLists>
  <ResultSummary outcome="Completed">
    <Counters total="40" executed="40" passed="40" failed="0" error="0" timeout="0" aborted="0" inconclusive="0" passedButRunAborted="0" notRunnable="0" notExecuted="0" disconnected="0" warning="0" completed="0" inProgress="0" pending="0" />
    <Output>
      <StdOut>[xUnit.net 00:00:00.00] xUnit.net VSTest Adapter v3.1.4+50e68bbb8b (64-bit .NET 10.0.10)&#xD;
[xUnit.net 00:00:00.61]   Discovering: FootballBooking.Tests&#xD;
[xUnit.net 00:00:00.64]   Discovered:  FootballBooking.Tests&#xD;
[xUnit.net 00:00:00.66]   Starting:    FootballBooking.Tests&#xD;
[xUnit.net 00:00:03.47]   Finished:    FootballBooking.Tests&#xD;
</StdOut>
    </Output>
  </ResultSummary>
</TestRun>